src/controllers/profile.controller.ts(182,77): error TS2345: Argument of type '{ name: string; proficiency: string; }' is not assignable to parameter of type '{ name: string; proficiency: any; yearsOfExp: number; }'.
  Property 'yearsOfExp' is missing in type '{ name: string; proficiency: string; }' but required in type '{ name: string; proficiency: any; yearsOfExp: number; }'.
